// Jest Snapshot v1, https://goo.gl/fbAQLP

exports[`App App snapshot 1`] = `
Array [
  <h1>
    Travel Planner
  </h1>,
  <div
    id="leftGroup"
  >
    <a
      href="/help"
      onClick={[Function]}
    >
      <button
        className="MuiButtonBase-root MuiButton-root MuiButton-outlined MuiButton-outlinedPrimary"
        disabled={false}
        onBlur={[Function]}
        onFocus={[Function]}
        onKeyDown={[Function]}
        onKeyUp={[Function]}
        onMouseDown={[Function]}
        onMouseLeave={[Function]}
        onMouseUp={[Function]}
        onTouchEnd={[Function]}
        onTouchMove={[Function]}
        onTouchStart={[Function]}
        style={
          Object {
            "marginBottom": "20px",
            "marginLeft": "100px",
          }
        }
        tabIndex={0}
        type="button"
      >
        <span
          className="MuiButton-label"
        >
          Как пользоваться
        </span>
      </button>
    </a>
    <input
      className="input"
      id="NewPlaceName"
      onChange={[Function]}
      onKeyUp={[Function]}
      placeholder="Введите название места и нажмите 'Enter'"
      type="text"
      value=""
    />
  </div>,
  <div
    style={
      Object {
        "display": "inline-block",
        "height": "500px",
        "width": "800px",
      }
    }
  />,
]
`;
